/afs/kth.se/home/e/r/erikwir/IROB_ws/install/irob_assignment_1/lib/python3.12/site-packages/irob_assignment_1/__init__.py
/afs/kth.se/home/e/r/erikwir/IROB_ws/install/irob_assignment_1/lib/python3.12/site-packages/irob_assignment_1/explorer.py
/afs/kth.se/home/e/r/erikwir/IROB_ws/install/irob_assignment_1/lib/python3.12/site-packages/irob_assignment_1/__pycache__/__init__.cpython-312.pyc
/afs/kth.se/home/e/r/erikwir/IROB_ws/install/irob_assignment_1/lib/python3.12/site-packages/irob_assignment_1/__pycache__/explorer.cpython-312.pyc
/afs/kth.se/home/e/r/erikwir/IROB_ws/install/irob_assignment_1/share/ament_index/resource_index/packages/irob_assignment_1
/afs/kth.se/home/e/r/erikwir/IROB_ws/install/irob_assignment_1/share/irob_assignment_1/package.xml
/afs/kth.se/home/e/r/erikwir/IROB_ws/install/irob_assignment_1/share/irob_assignment_1/launch/simulator.launch.py
/afs/kth.se/home/e/r/erikwir/IROB_ws/install/irob_assignment_1/share/irob_assignment_1/launch/spawn_turtlebot3.launch.py
/afs/kth.se/home/e/r/erikwir/IROB_ws/install/irob_assignment_1/share/irob_assignment_1/launch/start.launch.py
/afs/kth.se/home/e/r/erikwir/IROB_ws/install/irob_assignment_1/share/irob_assignment_1/launch/start_navigation.launch.py
/afs/kth.se/home/e/r/erikwir/IROB_ws/install/irob_assignment_1/share/irob_assignment_1/config/navigation.yaml
/afs/kth.se/home/e/r/erikwir/IROB_ws/install/irob_assignment_1/share/irob_assignment_1/config/slam_params.yaml
/afs/kth.se/home/e/r/erikwir/IROB_ws/install/irob_assignment_1/share/irob_assignment_1/config/turtlebot3_burger_bridge.yaml
/afs/kth.se/home/e/r/erikwir/IROB_ws/install/irob_assignment_1/share/irob_assignment_1/rviz/view.rviz
/afs/kth.se/home/e/r/erikwir/IROB_ws/install/irob_assignment_1/lib/python3.12/site-packages/irob_assignment_1-1.0.0-py3.12.egg-info/zip-safe
/afs/kth.se/home/e/r/erikwir/IROB_ws/install/irob_assignment_1/lib/python3.12/site-packages/irob_assignment_1-1.0.0-py3.12.egg-info/PKG-INFO
/afs/kth.se/home/e/r/erikwir/IROB_ws/install/irob_assignment_1/lib/python3.12/site-packages/irob_assignment_1-1.0.0-py3.12.egg-info/dependency_links.txt
/afs/kth.se/home/e/r/erikwir/IROB_ws/install/irob_assignment_1/lib/python3.12/site-packages/irob_assignment_1-1.0.0-py3.12.egg-info/entry_points.txt
/afs/kth.se/home/e/r/erikwir/IROB_ws/install/irob_assignment_1/lib/python3.12/site-packages/irob_assignment_1-1.0.0-py3.12.egg-info/requires.txt
/afs/kth.se/home/e/r/erikwir/IROB_ws/install/irob_assignment_1/lib/python3.12/site-packages/irob_assignment_1-1.0.0-py3.12.egg-info/top_level.txt
/afs/kth.se/home/e/r/erikwir/IROB_ws/install/irob_assignment_1/lib/python3.12/site-packages/irob_assignment_1-1.0.0-py3.12.egg-info/SOURCES.txt
/afs/kth.se/home/e/r/erikwir/IROB_ws/install/irob_assignment_1/lib/irob_assignment_1/explorer
