[0.444s] [34mcolcon[0m [1;30mDEBUG[0m [32mCommand line arguments: ['/afs/kth.se/misc/info/kurser/DD2410/ht26/pixi/IROB/.pixi/envs/default/bin/colcon', 'build'][0m
[0.444s] [34mcolcon[0m [1;30mDEBUG[0m [32mParsed command line arguments: Namespace(log_base=None, log_level=None, verb_name='build', build_base='build', install_base='install', merge_install=False, symlink_install=False, test_result_base=None, continue_on_error=False, executor='parallel', parallel_workers=20, event_handlers=None, ignore_user_meta=False, metas=['./colcon.meta'], base_paths=['.'], packages_ignore=None, packages_ignore_regex=None, paths=None, packages_up_to=None, packages_up_to_regex=None, packages_above=None, packages_above_and_dependencies=None, packages_above_depth=None, packages_select_by_dep=None, packages_skip_by_dep=None, packages_skip_up_to=None, packages_select_build_failed=False, packages_skip_build_finished=False, packages_select_test_failures=False, packages_skip_test_passed=False, packages_select=None, packages_skip=None, packages_select_regex=None, packages_skip_regex=None, packages_start=None, packages_end=None, cmake_args=None, cmake_target=None, cmake_target_skip_unavailable=False, cmake_clean_cache=False, cmake_clean_first=False, cmake_force_configure=False, ament_cmake_args=None, catkin_cmake_args=None, catkin_skip_building_tests=False, verb_parser=<colcon_defaults.argument_parser.defaults.DefaultArgumentsDecorator object at 0x7a71c6473290>, verb_extension=<colcon_core.verb.build.BuildVerb object at 0x7a71c6442300>, main=<bound method BuildVerb.main of <colcon_core.verb.build.BuildVerb object at 0x7a71c6442300>>)[0m
[0.555s] [34mcolcon.colcon_core.package_discovery[0m [1;30mLevel 1[0m discover_packages(colcon_meta) check parameters
[0.555s] [34mcolcon.colcon_core.package_discovery[0m [1;30mLevel 1[0m discover_packages(recursive) check parameters
[0.555s] [34mcolcon.colcon_core.package_discovery[0m [1;30mLevel 1[0m discover_packages(ignore) check parameters
[0.555s] [34mcolcon.colcon_core.package_discovery[0m [1;30mLevel 1[0m discover_packages(path) check parameters
[0.555s] [34mcolcon.colcon_core.package_discovery[0m [1;30mLevel 1[0m discover_packages(colcon_meta) discover
[0.555s] [34mcolcon.colcon_core.package_discovery[0m [1;30mLevel 1[0m discover_packages(recursive) discover
[0.556s] [34mcolcon.colcon_core.package_discovery[0m [1;30mINFO[0m Crawling recursively for packages in '/afs/kth.se/home/e/r/erikwir/IROB_ws'
[0.556s] [34mcolcon.colcon_core.package_identification[0m [1;30mLevel 1[0m _identify(.) by extensions ['ignore', 'ignore_ament_install']
[0.556s] [34mcolcon.colcon_core.package_identification[0m [1;30mLevel 1[0m _identify(.) by extension 'ignore'
[0.556s] [34mcolcon.colcon_core.package_identification[0m [1;30mLevel 1[0m _identify(.) by extension 'ignore_ament_install'
[0.556s] [34mcolcon.colcon_core.package_identification[0m [1;30mLevel 1[0m _identify(.) by extensions ['colcon_pkg']
[0.557s] [34mcolcon.colcon_core.package_identification[0m [1;30mLevel 1[0m _identify(.) by extension 'colcon_pkg'
[0.557s] [34mcolcon.colcon_core.package_identification[0m [1;30mLevel 1[0m _identify(.) by extensions ['colcon_meta']
[0.557s] [34mcolcon.colcon_core.package_identification[0m [1;30mLevel 1[0m _identify(.) by extension 'colcon_meta'
[0.557s] [34mcolcon.colcon_core.package_identification[0m [1;30mLevel 1[0m _identify(.) by extensions ['ros']
[0.557s] [34mcolcon.colcon_core.package_identification[0m [1;30mLevel 1[0m _identify(.) by extension 'ros'
[0.642s] [34mcolcon.colcon_core.package_identification[0m [1;30mLevel 1[0m _identify(.) by extensions ['cmake', 'python']
[0.643s] [34mcolcon.colcon_core.package_identification[0m [1;30mLevel 1[0m _identify(.) by extension 'cmake'
[0.643s] [34mcolcon.colcon_core.package_identification[0m [1;30mLevel 1[0m _identify(.) by extension 'python'
[0.643s] [34mcolcon.colcon_core.package_identification[0m [1;30mLevel 1[0m _identify(.) by extensions ['python_setup_py']
[0.643s] [34mcolcon.colcon_core.package_identification[0m [1;30mLevel 1[0m _identify(.) by extension 'python_setup_py'
[0.643s] [34mcolcon.colcon_core.package_identification[0m [1;30mLevel 1[0m _identify(build) by extensions ['ignore', 'ignore_ament_install']
[0.644s] [34mcolcon.colcon_core.package_identification[0m [1;30mLevel 1[0m _identify(build) by extension 'ignore'
[0.644s] [34mcolcon.colcon_core.package_identification[0m [1;30mLevel 1[0m _identify(build) ignored
[0.644s] [34mcolcon.colcon_core.package_identification[0m [1;30mLevel 1[0m _identify(install) by extensions ['ignore', 'ignore_ament_install']
[0.644s] [34mcolcon.colcon_core.package_identification[0m [1;30mLevel 1[0m _identify(install) by extension 'ignore'
[0.645s] [34mcolcon.colcon_core.package_identification[0m [1;30mLevel 1[0m _identify(install) ignored
[0.645s] [34mcolcon.colcon_core.package_identification[0m [1;30mLevel 1[0m _identify(log) by extensions ['ignore', 'ignore_ament_install']
[0.645s] [34mcolcon.colcon_core.package_identification[0m [1;30mLevel 1[0m _identify(log) by extension 'ignore'
[0.645s] [34mcolcon.colcon_core.package_identification[0m [1;30mLevel 1[0m _identify(log) ignored
[0.645s] [34mcolcon.colcon_core.package_identification[0m [1;30mLevel 1[0m _identify(src) by extensions ['ignore', 'ignore_ament_install']
[0.646s] [34mcolcon.colcon_core.package_identification[0m [1;30mLevel 1[0m _identify(src) by extension 'ignore'
[0.646s] [34mcolcon.colcon_core.package_identification[0m [1;30mLevel 1[0m _identify(src) by extension 'ignore_ament_install'
[0.646s] [34mcolcon.colcon_core.package_identification[0m [1;30mLevel 1[0m _identify(src) by extensions ['colcon_pkg']
[0.646s] [34mcolcon.colcon_core.package_identification[0m [1;30mLevel 1[0m _identify(src) by extension 'colcon_pkg'
[0.646s] [34mcolcon.colcon_core.package_identification[0m [1;30mLevel 1[0m _identify(src) by extensions ['colcon_meta']
[0.646s] [34mcolcon.colcon_core.package_identification[0m [1;30mLevel 1[0m _identify(src) by extension 'colcon_meta'
[0.646s] [34mcolcon.colcon_core.package_identification[0m [1;30mLevel 1[0m _identify(src) by extensions ['ros']
[0.646s] [34mcolcon.colcon_core.package_identification[0m [1;30mLevel 1[0m _identify(src) by extension 'ros'
[0.647s] [34mcolcon.colcon_core.package_identification[0m [1;30mLevel 1[0m _identify(src) by extensions ['cmake', 'python']
[0.647s] [34mcolcon.colcon_core.package_identification[0m [1;30mLevel 1[0m _identify(src) by extension 'cmake'
[0.647s] [34mcolcon.colcon_core.package_identification[0m [1;30mLevel 1[0m _identify(src) by extension 'python'
[0.647s] [34mcolcon.colcon_core.package_identification[0m [1;30mLevel 1[0m _identify(src) by extensions ['python_setup_py']
[0.647s] [34mcolcon.colcon_core.package_identification[0m [1;30mLevel 1[0m _identify(src) by extension 'python_setup_py'
[0.647s] [34mcolcon.colcon_core.package_identification[0m [1;30mLevel 1[0m _identify(src/irob_assignment_1) by extensions ['ignore', 'ignore_ament_install']
[0.647s] [34mcolcon.colcon_core.package_identification[0m [1;30mLevel 1[0m _identify(src/irob_assignment_1) by extension 'ignore'
[0.648s] [34mcolcon.colcon_core.package_identification[0m [1;30mLevel 1[0m _identify(src/irob_assignment_1) by extension 'ignore_ament_install'
[0.648s] [34mcolcon.colcon_core.package_identification[0m [1;30mLevel 1[0m _identify(src/irob_assignment_1) by extensions ['colcon_pkg']
[0.648s] [34mcolcon.colcon_core.package_identification[0m [1;30mLevel 1[0m _identify(src/irob_assignment_1) by extension 'colcon_pkg'
[0.648s] [34mcolcon.colcon_core.package_identification[0m [1;30mLevel 1[0m _identify(src/irob_assignment_1) by extensions ['colcon_meta']
[0.648s] [34mcolcon.colcon_core.package_identification[0m [1;30mLevel 1[0m _identify(src/irob_assignment_1) by extension 'colcon_meta'
[0.648s] [34mcolcon.colcon_core.package_identification[0m [1;30mLevel 1[0m _identify(src/irob_assignment_1) by extensions ['ros']
[0.648s] [34mcolcon.colcon_core.package_identification[0m [1;30mLevel 1[0m _identify(src/irob_assignment_1) by extension 'ros'
[0.655s] [34mcolcon.colcon_core.package_identification[0m [1;30mDEBUG[0m [32mPackage 'src/irob_assignment_1' with type 'ros.ament_python' and name 'irob_assignment_1'[0m
[0.655s] [34mcolcon.colcon_core.package_discovery[0m [1;30mLevel 1[0m discover_packages(recursive) using defaults
[0.655s] [34mcolcon.colcon_core.package_discovery[0m [1;30mLevel 1[0m discover_packages(ignore) discover
[0.655s] [34mcolcon.colcon_core.package_discovery[0m [1;30mLevel 1[0m discover_packages(ignore) using defaults
[0.655s] [34mcolcon.colcon_core.package_discovery[0m [1;30mLevel 1[0m discover_packages(path) discover
[0.655s] [34mcolcon.colcon_core.package_discovery[0m [1;30mLevel 1[0m discover_packages(path) using defaults
[0.697s] [34mcolcon.colcon_core.verb[0m [1;30mLevel 5[0m set package 'irob_assignment_1' build argument 'cmake_args' from command line to 'None'
[0.697s] [34mcolcon.colcon_core.verb[0m [1;30mLevel 5[0m set package 'irob_assignment_1' build argument 'cmake_target' from command line to 'None'
[0.697s] [34mcolcon.colcon_core.verb[0m [1;30mLevel 5[0m set package 'irob_assignment_1' build argument 'cmake_target_skip_unavailable' from command line to 'False'
[0.697s] [34mcolcon.colcon_core.verb[0m [1;30mLevel 5[0m set package 'irob_assignment_1' build argument 'cmake_clean_cache' from command line to 'False'
[0.697s] [34mcolcon.colcon_core.verb[0m [1;30mLevel 5[0m set package 'irob_assignment_1' build argument 'cmake_clean_first' from command line to 'False'
[0.697s] [34mcolcon.colcon_core.verb[0m [1;30mLevel 5[0m set package 'irob_assignment_1' build argument 'cmake_force_configure' from command line to 'False'
[0.698s] [34mcolcon.colcon_core.verb[0m [1;30mLevel 5[0m set package 'irob_assignment_1' build argument 'ament_cmake_args' from command line to 'None'
[0.698s] [34mcolcon.colcon_core.verb[0m [1;30mLevel 5[0m set package 'irob_assignment_1' build argument 'catkin_cmake_args' from command line to 'None'
[0.698s] [34mcolcon.colcon_core.verb[0m [1;30mLevel 5[0m set package 'irob_assignment_1' build argument 'catkin_skip_building_tests' from command line to 'False'
[0.698s] [34mcolcon.colcon_core.verb[0m [1;30mDEBUG[0m [32mBuilding package 'irob_assignment_1' with the following arguments: {'ament_cmake_args': None, 'build_base': '/afs/kth.se/home/e/r/erikwir/IROB_ws/build/irob_assignment_1', 'catkin_cmake_args': None, 'catkin_skip_building_tests': False, 'cmake_args': None, 'cmake_clean_cache': False, 'cmake_clean_first': False, 'cmake_force_configure': False, 'cmake_target': None, 'cmake_target_skip_unavailable': False, 'install_base': '/afs/kth.se/home/e/r/erikwir/IROB_ws/install/irob_assignment_1', 'merge_install': False, 'path': '/afs/kth.se/home/e/r/erikwir/IROB_ws/src/irob_assignment_1', 'symlink_install': False, 'test_result_base': None}[0m
[0.698s] [34mcolcon.colcon_core.executor[0m [1;30mINFO[0m Executing jobs using 'parallel' executor
[0.700s] [34mcolcon.colcon_parallel_executor.executor.parallel[0m [1;30mDEBUG[0m [32mrun_until_complete[0m
[0.701s] [34mcolcon.colcon_ros.task.ament_python.build[0m [1;30mINFO[0m Building ROS package in '/afs/kth.se/home/e/r/erikwir/IROB_ws/src/irob_assignment_1' with build type 'ament_python'
[0.701s] [34mcolcon.colcon_core.shell[0m [1;30mLevel 1[0m create_environment_hook('irob_assignment_1', 'ament_prefix_path')
[0.708s] [34mcolcon.colcon_core.plugin_system[0m [1;30mINFO[0m Skipping extension 'colcon_core.shell.bat': Not used on non-Windows systems
[0.709s] [34mcolcon.colcon_core.shell[0m [1;30mINFO[0m Creating environment hook '/afs/kth.se/home/e/r/erikwir/IROB_ws/install/irob_assignment_1/share/irob_assignment_1/hook/ament_prefix_path.ps1'
[0.712s] [34mcolcon.colcon_core.shell[0m [1;30mINFO[0m Creating environment descriptor '/afs/kth.se/home/e/r/erikwir/IROB_ws/install/irob_assignment_1/share/irob_assignment_1/hook/ament_prefix_path.dsv'
[0.715s] [34mcolcon.colcon_core.shell[0m [1;30mINFO[0m Creating environment hook '/afs/kth.se/home/e/r/erikwir/IROB_ws/install/irob_assignment_1/share/irob_assignment_1/hook/ament_prefix_path.sh'
[0.719s] [34mcolcon.colcon_core.shell[0m [1;30mINFO[0m Skip shell extension 'powershell' for command environment: Not usable outside of PowerShell
[0.719s] [34mcolcon.colcon_core.shell[0m [1;30mDEBUG[0m [32mSkip shell extension 'dsv' for command environment[0m
[1.409s] [34mcolcon.colcon_core.task.python.build[0m [1;30mINFO[0m Building Python package in '/afs/kth.se/home/e/r/erikwir/IROB_ws/src/irob_assignment_1'
[1.409s] [34mcolcon.colcon_core.shell[0m [1;30mINFO[0m Skip shell extension 'powershell' for command environment: Not usable outside of PowerShell
[1.409s] [34mcolcon.colcon_core.shell[0m [1;30mDEBUG[0m [32mSkip shell extension 'dsv' for command environment[0m
[2.870s] [34mcolcon.colcon_core.event_handler.log_command[0m [1;30mDEBUG[0m [32mInvoking command in '/afs/kth.se/home/e/r/erikwir/IROB_ws/src/irob_assignment_1': DEBUGINFOD_URLS=https://debuginfod.ubuntu.com PIXI_PROMPT=(IROB_ws) PS1=(IROB_ws) \[\e]0;\u@\h: \w\a\]${debian_chroot:+($debian_chroot)}\[\033[01;32m\]\u@\h\[\033[00m\]:\[\033[01;34m\]\w\[\033[00m\]\$ PYTHONPATH=/afs/kth.se/home/e/r/erikwir/IROB_ws/build/irob_assignment_1/prefix_override:/afs/kth.se/misc/info/kurser/DD2410/ht26/pixi/IROB/.pixi/envs/default/lib/python3.12/site-packages/colcon_core/task/python/colcon_distutils_commands:/afs/kth.se/home/e/r/erikwir/IROB_ws/install/irob_assignment_1/lib/python3.12/site-packages:${PYTHONPATH} /afs/kth.se/misc/info/kurser/DD2410/ht26/pixi/IROB/.pixi/envs/default/bin/python3.12 -W ignore:setup.py install is deprecated -W ignore:easy_install command is deprecated setup.py egg_info --egg-base ../../build/irob_assignment_1 build --build-base /afs/kth.se/home/e/r/erikwir/IROB_ws/build/irob_assignment_1/build install --record /afs/kth.se/home/e/r/erikwir/IROB_ws/build/irob_assignment_1/install.log --single-version-externally-managed install_data[0m
[4.432s] [34mcolcon.colcon_core.event_handler.log_command[0m [1;30mDEBUG[0m [32mInvoked command in '/afs/kth.se/home/e/r/erikwir/IROB_ws/src/irob_assignment_1' returned '0': DEBUGINFOD_URLS=https://debuginfod.ubuntu.com PIXI_PROMPT=(IROB_ws) PS1=(IROB_ws) \[\e]0;\u@\h: \w\a\]${debian_chroot:+($debian_chroot)}\[\033[01;32m\]\u@\h\[\033[00m\]:\[\033[01;34m\]\w\[\033[00m\]\$ PYTHONPATH=/afs/kth.se/home/e/r/erikwir/IROB_ws/build/irob_assignment_1/prefix_override:/afs/kth.se/misc/info/kurser/DD2410/ht26/pixi/IROB/.pixi/envs/default/lib/python3.12/site-packages/colcon_core/task/python/colcon_distutils_commands:/afs/kth.se/home/e/r/erikwir/IROB_ws/install/irob_assignment_1/lib/python3.12/site-packages:${PYTHONPATH} /afs/kth.se/misc/info/kurser/DD2410/ht26/pixi/IROB/.pixi/envs/default/bin/python3.12 -W ignore:setup.py install is deprecated -W ignore:easy_install command is deprecated setup.py egg_info --egg-base ../../build/irob_assignment_1 build --build-base /afs/kth.se/home/e/r/erikwir/IROB_ws/build/irob_assignment_1/build install --record /afs/kth.se/home/e/r/erikwir/IROB_ws/build/irob_assignment_1/install.log --single-version-externally-managed install_data[0m
[4.441s] [34mcolcon.colcon_core.environment[0m [1;30mLevel 1[0m checking '/afs/kth.se/home/e/r/erikwir/IROB_ws/install/irob_assignment_1' for CMake module files
[4.443s] [34mcolcon.colcon_core.environment[0m [1;30mLevel 1[0m checking '/afs/kth.se/home/e/r/erikwir/IROB_ws/install/irob_assignment_1' for CMake config files
[4.446s] [34mcolcon.colcon_core.environment[0m [1;30mLevel 1[0m checking '/afs/kth.se/home/e/r/erikwir/IROB_ws/install/irob_assignment_1/lib'
[4.446s] [34mcolcon.colcon_core.environment[0m [1;30mLevel 1[0m checking '/afs/kth.se/home/e/r/erikwir/IROB_ws/install/irob_assignment_1/bin'
[4.446s] [34mcolcon.colcon_core.environment[0m [1;30mLevel 1[0m checking '/afs/kth.se/home/e/r/erikwir/IROB_ws/install/irob_assignment_1/lib/pkgconfig/irob_assignment_1.pc'
[4.447s] [34mcolcon.colcon_core.environment[0m [1;30mLevel 1[0m checking '/afs/kth.se/home/e/r/erikwir/IROB_ws/install/irob_assignment_1/lib/python3.12/site-packages'
[4.448s] [34mcolcon.colcon_core.shell[0m [1;30mLevel 1[0m create_environment_hook('irob_assignment_1', 'pythonpath')
[4.448s] [34mcolcon.colcon_core.shell[0m [1;30mINFO[0m Creating environment hook '/afs/kth.se/home/e/r/erikwir/IROB_ws/install/irob_assignment_1/share/irob_assignment_1/hook/pythonpath.ps1'
[4.451s] [34mcolcon.colcon_core.shell[0m [1;30mINFO[0m Creating environment descriptor '/afs/kth.se/home/e/r/erikwir/IROB_ws/install/irob_assignment_1/share/irob_assignment_1/hook/pythonpath.dsv'
[4.453s] [34mcolcon.colcon_core.shell[0m [1;30mINFO[0m Creating environment hook '/afs/kth.se/home/e/r/erikwir/IROB_ws/install/irob_assignment_1/share/irob_assignment_1/hook/pythonpath.sh'
[4.456s] [34mcolcon.colcon_core.environment[0m [1;30mLevel 1[0m checking '/afs/kth.se/home/e/r/erikwir/IROB_ws/install/irob_assignment_1/bin'
[4.456s] [34mcolcon.colcon_core.environment[0m [1;30mLevel 1[0m create_environment_scripts_only(irob_assignment_1)
[4.457s] [34mcolcon.colcon_core.shell[0m [1;30mINFO[0m Creating package script '/afs/kth.se/home/e/r/erikwir/IROB_ws/install/irob_assignment_1/share/irob_assignment_1/package.ps1'
[4.462s] [34mcolcon.colcon_core.shell[0m [1;30mINFO[0m Creating package descriptor '/afs/kth.se/home/e/r/erikwir/IROB_ws/install/irob_assignment_1/share/irob_assignment_1/package.dsv'
[4.465s] [34mcolcon.colcon_core.shell[0m [1;30mINFO[0m Creating package script '/afs/kth.se/home/e/r/erikwir/IROB_ws/install/irob_assignment_1/share/irob_assignment_1/package.sh'
[4.469s] [34mcolcon.colcon_core.shell[0m [1;30mINFO[0m Creating package script '/afs/kth.se/home/e/r/erikwir/IROB_ws/install/irob_assignment_1/share/irob_assignment_1/package.bash'
[4.473s] [34mcolcon.colcon_core.shell[0m [1;30mINFO[0m Creating package script '/afs/kth.se/home/e/r/erikwir/IROB_ws/install/irob_assignment_1/share/irob_assignment_1/package.zsh'
[4.476s] [34mcolcon.colcon_core.environment[0m [1;30mLevel 1[0m create_file_with_runtime_dependencies(/afs/kth.se/home/e/r/erikwir/IROB_ws/install/irob_assignment_1/share/colcon-core/packages/irob_assignment_1)
[4.478s] [34mcolcon.colcon_parallel_executor.executor.parallel[0m [1;30mDEBUG[0m [32mclosing loop[0m
[4.479s] [34mcolcon.colcon_parallel_executor.executor.parallel[0m [1;30mDEBUG[0m [32mloop closed[0m
[4.479s] [34mcolcon.colcon_parallel_executor.executor.parallel[0m [1;30mDEBUG[0m [32mrun_until_complete finished with '0'[0m
[4.479s] [34mcolcon.colcon_core.event_reactor[0m [1;30mDEBUG[0m [32mjoining thread[0m
[4.488s] [34mcolcon.colcon_core.event_reactor[0m [1;30mDEBUG[0m [32mjoined thread[0m
[4.489s] [34mcolcon.colcon_core.shell[0m [1;30mINFO[0m Creating prefix script '/afs/kth.se/home/e/r/erikwir/IROB_ws/install/local_setup.ps1'
[4.493s] [34mcolcon.colcon_core.shell[0m [1;30mINFO[0m Creating prefix util module '/afs/kth.se/home/e/r/erikwir/IROB_ws/install/_local_setup_util_ps1.py'
[4.499s] [34mcolcon.colcon_core.shell[0m [1;30mINFO[0m Creating prefix chain script '/afs/kth.se/home/e/r/erikwir/IROB_ws/install/setup.ps1'
[4.503s] [34mcolcon.colcon_core.shell[0m [1;30mINFO[0m Creating prefix script '/afs/kth.se/home/e/r/erikwir/IROB_ws/install/local_setup.sh'
[4.507s] [34mcolcon.colcon_core.shell[0m [1;30mINFO[0m Creating prefix util module '/afs/kth.se/home/e/r/erikwir/IROB_ws/install/_local_setup_util_sh.py'
[4.512s] [34mcolcon.colcon_core.shell[0m [1;30mINFO[0m Creating prefix chain script '/afs/kth.se/home/e/r/erikwir/IROB_ws/install/setup.sh'
[4.516s] [34mcolcon.colcon_core.shell[0m [1;30mINFO[0m Creating prefix script '/afs/kth.se/home/e/r/erikwir/IROB_ws/install/local_setup.bash'
[4.519s] [34mcolcon.colcon_core.shell[0m [1;30mINFO[0m Creating prefix chain script '/afs/kth.se/home/e/r/erikwir/IROB_ws/install/setup.bash'
[4.522s] [34mcolcon.colcon_core.shell[0m [1;30mINFO[0m Creating prefix script '/afs/kth.se/home/e/r/erikwir/IROB_ws/install/local_setup.zsh'
[4.525s] [34mcolcon.colcon_core.shell[0m [1;30mINFO[0m Creating prefix chain script '/afs/kth.se/home/e/r/erikwir/IROB_ws/install/setup.zsh'
