[0.535s] Invoking command in '/afs/kth.se/home/e/r/erikwir/IROB_ws/src/irob_assignment_1': DEBUGINFOD_URLS=https://debuginfod.ubuntu.com PIXI_PROMPT=(IROB_ws) PS1=(IROB_ws) \[\e]0;\u@\h: \w\a\]${debian_chroot:+($debian_chroot)}\[\033[01;32m\]\u@\h\[\033[00m\]:\[\033[01;34m\]\w\[\033[00m\]\$ PYTHONPATH=/afs/kth.se/home/e/r/erikwir/IROB_ws/build/irob_assignment_1/prefix_override:/afs/kth.se/misc/info/kurser/DD2410/ht26/pixi/IROB/.pixi/envs/default/lib/python3.12/site-packages/colcon_core/task/python/colcon_distutils_commands:/afs/kth.se/home/e/r/erikwir/IROB_ws/install/irob_assignment_1/lib/python3.12/site-packages:${PYTHONPATH} /afs/kth.se/misc/info/kurser/DD2410/ht26/pixi/IROB/.pixi/envs/default/bin/python3.12 -W ignore:setup.py install is deprecated -W ignore:easy_install command is deprecated setup.py egg_info --egg-base ../../build/irob_assignment_1 build --build-base /afs/kth.se/home/e/r/erikwir/IROB_ws/build/irob_assignment_1/build install --record /afs/kth.se/home/e/r/erikwir/IROB_ws/build/irob_assignment_1/install.log --single-version-externally-managed install_data
[0.661s] /afs/kth.se/misc/info/kurser/DD2410/ht26/pixi/IROB/.pixi/envs/default/lib/python3.12/site-packages/setuptools/_distutils/dist.py:289: UserWarning: Unknown distribution option: 'tests_require'
[0.661s]   warnings.warn(msg)
[0.731s] running egg_info
[0.743s] writing ../../build/irob_assignment_1/irob_assignment_1.egg-info/PKG-INFO
[0.746s] writing dependency_links to ../../build/irob_assignment_1/irob_assignment_1.egg-info/dependency_links.txt
[0.747s] writing entry points to ../../build/irob_assignment_1/irob_assignment_1.egg-info/entry_points.txt
[0.748s] writing requirements to ../../build/irob_assignment_1/irob_assignment_1.egg-info/requires.txt
[0.749s] writing top-level names to ../../build/irob_assignment_1/irob_assignment_1.egg-info/top_level.txt
[0.773s] reading manifest file '../../build/irob_assignment_1/irob_assignment_1.egg-info/SOURCES.txt'
[0.774s] writing manifest file '../../build/irob_assignment_1/irob_assignment_1.egg-info/SOURCES.txt'
[0.776s] running build
[0.776s] running build_py
[0.776s] running install
[0.779s] running install_lib
[0.791s] running install_data
[0.791s] running install_egg_info
[0.803s] removing '/afs/kth.se/home/e/r/erikwir/IROB_ws/install/irob_assignment_1/lib/python3.12/site-packages/irob_assignment_1-1.0.0-py3.12.egg-info' (and everything under it)
[0.808s] Copying ../../build/irob_assignment_1/irob_assignment_1.egg-info to /afs/kth.se/home/e/r/erikwir/IROB_ws/install/irob_assignment_1/lib/python3.12/site-packages/irob_assignment_1-1.0.0-py3.12.egg-info
[0.818s] running install_scripts
[0.883s] Installing explorer script to /afs/kth.se/home/e/r/erikwir/IROB_ws/install/irob_assignment_1/lib/irob_assignment_1
[0.885s] writing list of installed files to '/afs/kth.se/home/e/r/erikwir/IROB_ws/build/irob_assignment_1/install.log'
[0.901s] Invoked command in '/afs/kth.se/home/e/r/erikwir/IROB_ws/src/irob_assignment_1' returned '0': DEBUGINFOD_URLS=https://debuginfod.ubuntu.com PIXI_PROMPT=(IROB_ws) PS1=(IROB_ws) \[\e]0;\u@\h: \w\a\]${debian_chroot:+($debian_chroot)}\[\033[01;32m\]\u@\h\[\033[00m\]:\[\033[01;34m\]\w\[\033[00m\]\$ PYTHONPATH=/afs/kth.se/home/e/r/erikwir/IROB_ws/build/irob_assignment_1/prefix_override:/afs/kth.se/misc/info/kurser/DD2410/ht26/pixi/IROB/.pixi/envs/default/lib/python3.12/site-packages/colcon_core/task/python/colcon_distutils_commands:/afs/kth.se/home/e/r/erikwir/IROB_ws/install/irob_assignment_1/lib/python3.12/site-packages:${PYTHONPATH} /afs/kth.se/misc/info/kurser/DD2410/ht26/pixi/IROB/.pixi/envs/default/bin/python3.12 -W ignore:setup.py install is deprecated -W ignore:easy_install command is deprecated setup.py egg_info --egg-base ../../build/irob_assignment_1 build --build-base /afs/kth.se/home/e/r/erikwir/IROB_ws/build/irob_assignment_1/build install --record /afs/kth.se/home/e/r/erikwir/IROB_ws/build/irob_assignment_1/install.log --single-version-externally-managed install_data
